{
  "device_ua_browser" : "Mobile Safari",
  "device_ua_browser_version" : null,
  "device_ua_device" : "iPhone",
  "device_ua_device_category" : null
}