{"event_name":"_session_start","event_id":"7da14049fe2aca7ea98c9f4b2b3c6fa11-0-1691480511-15469799","event_timestamp":1691481796011}
{"event_name":"page_view_1_1","event_id":"7da14049fe2aca7ea98c9f4b2b3c6fa11-0-1691480511-1","event_timestamp":1691481796011}
{"event_name":"_app_start","event_id":"7da14049fe2aca7ea98c9f4b2b3c6fa11-0-1691480511-15469799923855683","event_timestamp":1691481796011}
{"event_name":"_session_end","event_id":"7da14049fe2aca7ea98c9f4b2b3c6fa11-0-1691480511-11654083636","event_timestamp":1691481796011}
{"event_name":"_app_end","event_id":"7da14049fe2aca7ea98c9f4b2b3c6fa11-0-1691480511-11654083636353486420","event_timestamp":1691481796011}
{"event_name":"_first_open","event_id":"7da14049fe2aca7ea98c9f4b2b3c6fa11-0-1691480511-1354740600","event_timestamp":1691481796011}
{"event_name":"_session_start","event_id":"7da14049fe2aca7ea98c9f4b2b3c6fa21-0-1691480512-25469799","event_timestamp":1691481796021}
{"event_name":"page_view_2_1","event_id":"7da14049fe2aca7ea98c9f4b2b3c6fa21-0-1691480512-2","event_timestamp":1691481796021}
{"event_name":"_app_start","event_id":"7da14049fe2aca7ea98c9f4b2b3c6fa21-0-1691480512-25469799923855683","event_timestamp":1691481796021}
{"event_name":"page_view_2_2","event_id":"7da14049fe2aca7ea98c9f4b2b3c6fa22-0-1691480512-2","event_timestamp":1691481796022}
{"event_name":"page_view_2_3","event_id":"7da14049fe2aca7ea98c9f4b2b3c6fa23-0-1691480512-2","event_timestamp":1691481796023}
{"event_name":"_session_end","event_id":"7da14049fe2aca7ea98c9f4b2b3c6fa23-0-1691480512-21654083636","event_timestamp":1691481796023}
{"event_name":"_app_end","event_id":"7da14049fe2aca7ea98c9f4b2b3c6fa23-0-1691480512-21654083636353486420","event_timestamp":1691481796023}
{"event_name":"_session_start","event_id":"7da14049fe2aca7ea98c9f4b2b3c6fa31-0-1691480513-35469799","event_timestamp":1691481796031}
{"event_name":"page_view_3_1","event_id":"7da14049fe2aca7ea98c9f4b2b3c6fa31-0-1691480513-3","event_timestamp":1691481796031}
{"event_name":"_app_start","event_id":"7da14049fe2aca7ea98c9f4b2b3c6fa31-0-1691480513-35469799923855683","event_timestamp":1691481796031}
{"event_name":"page_view_3_2","event_id":"7da14049fe2aca7ea98c9f4b2b3c6fa32-0-1691480513-3","event_timestamp":1691481796032}
{"event_name":"_session_end","event_id":"7da14049fe2aca7ea98c9f4b2b3c6fa32-0-1691480513-31654083636","event_timestamp":1691481796032}
{"event_name":"_app_end","event_id":"7da14049fe2aca7ea98c9f4b2b3c6fa32-0-1691480513-31654083636353486420","event_timestamp":1691481796032}
