{
  "app_id" : "testAllAppId1",
  "event_date" : "2023-08-29",
  "event_timestamp" : 1693281865635,
  "user_id" : "0eb41e46-2373-4883-8daf-e1975ccb3821",
  "user_pseudo_id" : "rzKifeYdYvmoWzeYcdcv9CyGY9NAPpL4vm7QxoxTPnM=.1690769179",
  "user_first_touch_timestamp" : 1691481796000,
  "user_properties" : null,
  "user_ltv" : null,
  "_first_visit_date" : "2023-08-08",
  "_first_referer" : "https://tagassistant.google.com/",
  "_first_traffic_source_type" : null,
  "_first_traffic_medium" : null,
  "_first_traffic_source" : null,
  "device_id_list" : null,
  "_channel" : null
}
