{
  "device_id_list" : [ "deviceid-1", "deviceid-3", "deviceid-4" ],
  "event_timestamp" : 1682319109447,
  "first_channel" : "C001",
  "first_referer" : "http://myhost.com/_page_referer_001",
  "first_traffic_medium" : "TSM",
  "first_traffic_source" : "TSS",
  "first_traffic_source_type" : "TSN",
  "first_visit_date" : "2022-11-08",
  "platform" : "ANDROID",
  "user_first_touch_timestamp" : 1667877267895,
  "user_id" : "p3121211",
  "user_ltv" : {
    "currency" : "USD",
    "revenue" : 123.45
  },
  "user_properties" : [ {
    "key" : "_user_id",
    "value" : {
      "int_value" : null,
      "set_timestamp_micros" : 1667877566697000,
      "string_value" : "p3121211"
    }
  }, {
    "key" : "_user_name",
    "value" : {
      "int_value" : null,
      "set_timestamp_micros" : 1667877566697000,
      "string_value" : "example"
    }
  }, {
    "key" : "_user_age",
    "value" : {
      "int_value" : 20,
      "set_timestamp_micros" : 1667877566697000,
      "string_value" : null
    }
  }, {
    "key" : "_user_first_touch_timestamp",
    "value" : {
      "int_value" : 1667877267895,
      "set_timestamp_micros" : 1667877566697000,
      "string_value" : null
    }
  } ],
  "user_pseudo_id" : "uuid1-9844af32",
  "partition_app" : "uba-app",
  "partition_year" : 2023,
  "partition_month" : 4,
  "partition_day" : 24
}