{
  "event_timestamp" : 1682319109447,
  "id" : "item_id_uuid1_etl_runner1",
  "properties" : [ {
    "key" : "name",
    "value" : {
      "double_value" : null,
      "string_value" : "French Press3"
    }
  }, {
    "key" : "category",
    "value" : {
      "double_value" : null,
      "string_value" : "housewares3"
    }
  }, {
    "key" : "price",
    "value" : {
      "double_value" : 42.33,
      "string_value" : null
    }
  }, {
    "key" : "brand",
    "value" : {
      "double_value" : null,
      "string_value" : "Brand-3"
    }
  }, {
    "key" : "category2",
    "value" : {
      "double_value" : null,
      "string_value" : "Category-2 3"
    }
  }, {
    "key" : "category3",
    "value" : {
      "double_value" : null,
      "string_value" : "Category-3 3"
    }
  }, {
    "key" : "category4",
    "value" : {
      "double_value" : null,
      "string_value" : "Category-4 3"
    }
  }, {
    "key" : "category5",
    "value" : {
      "double_value" : null,
      "string_value" : "Category-5 3"
    }
  }, {
    "key" : "creative_name",
    "value" : {
      "double_value" : null,
      "string_value" : "Creative Name 3"
    }
  }, {
    "key" : "creative_slot",
    "value" : {
      "double_value" : null,
      "string_value" : "Creative Slot 3"
    }
  }, {
    "key" : "location_id",
    "value" : {
      "double_value" : null,
      "string_value" : "Location#003"
    }
  } ],
  "partition_app" : "uba-app",
  "partition_year" : 2023,
  "partition_month" : 4,
  "partition_day" : 24
}