{
  "app_id" : "uba-app",
  "event_date" : "2023-04-24",
  "event_timestamp" : 1682319109448,
  "user_id" : "p3121211_referrer",
  "user_pseudo_id" : "uu_referrer1",
  "platform" : "ANDROID",
  "user_first_touch_timestamp" : 1667877267895,
  "user_properties" : [ {
    "key" : "_user_id",
    "value" : {
      "double_value" : null,
      "float_value" : null,
      "int_value" : null,
      "string_value" : "p3121211_referrer",
      "set_timestamp_micros" : 1667877566697000
    }
  }, {
    "key" : "_user_name",
    "value" : {
      "double_value" : null,
      "float_value" : null,
      "int_value" : null,
      "string_value" : "example",
      "set_timestamp_micros" : 1667877566697000
    }
  }, {
    "key" : "_user_age",
    "value" : {
      "double_value" : null,
      "float_value" : null,
      "int_value" : 20,
      "string_value" : null,
      "set_timestamp_micros" : 1667877566697000
    }
  }, {
    "key" : "_user_first_touch_timestamp",
    "value" : {
      "double_value" : null,
      "float_value" : null,
      "int_value" : 1667877267895,
      "string_value" : null,
      "set_timestamp_micros" : 1667877566697000
    }
  } ],
  "user_ltv" : {
    "revenue" : 123.45,
    "currency" : "USD"
  },
  "first_visit_date" : "2022-11-08",
  "first_referer" : "http://myhost.com/_page_referrer_001",
  "first_traffic_source_type" : "TSN",
  "first_traffic_medium" : "TSM",
  "first_traffic_source" : "TSS",
  "first_channel" : "C001",
  "device_id_list" : [ "deviceid-3", "deviceid-4" ]
}