{
  "app_id" : "uba-app",
  "event_date" : "2023-04-24",
  "user_id" : "312121",
  "user_pseudo_id" : "83e45133-ddaf-4ac6-9844-fe457807715198",
  "user_first_touch_timestamp" : 1667877267895,
  "user_properties" : [ {
    "key" : "_user_id",
    "value" : {
      "double_value" : null,
      "float_value" : null,
      "int_value" : 312121,
      "string_value" : null,
      "set_timestamp_micros" : 1667877566697000
    }
  }, {
    "key" : "_user_name",
    "value" : {
      "double_value" : null,
      "float_value" : null,
      "int_value" : null,
      "string_value" : "testName",
      "set_timestamp_micros" : 1667877566697000
    }
  }, {
    "key" : "_user_age",
    "value" : {
      "double_value" : null,
      "float_value" : null,
      "int_value" : 20,
      "string_value" : null,
      "set_timestamp_micros" : 1667877566697000
    }
  }, {
    "key" : "_user_first_touch_timestamp",
    "value" : {
      "double_value" : null,
      "float_value" : null,
      "int_value" : 1667877267895,
      "string_value" : null,
      "set_timestamp_micros" : 1667877566697000
    }
  }, {
    "key" : "_first_referer",
    "value" : {
      "double_value" : null,
      "float_value" : null,
      "int_value" : null,
      "string_value" : "_first_referer 001",
      "set_timestamp_micros" : 1667877566697000
    }
  }, {
    "key" : "_first_traffic_source_type",
    "value" : {
      "double_value" : null,
      "float_value" : null,
      "int_value" : null,
      "string_value" : "_first_traffic_source_type 001",
      "set_timestamp_micros" : 1667877566697000
    }
  }, {
    "key" : "_first_traffic_medium",
    "value" : {
      "double_value" : null,
      "float_value" : null,
      "int_value" : null,
      "string_value" : "_first_traffic_medium 001",
      "set_timestamp_micros" : 1667877566697000
    }
  }, {
    "key" : "_first_traffic_source",
    "value" : {
      "double_value" : null,
      "float_value" : null,
      "int_value" : null,
      "string_value" : "_first_traffic_source 001",
      "set_timestamp_micros" : 1667877566697000
    }
  }, {
    "key" : "device_id_list",
    "value" : {
      "double_value" : null,
      "float_value" : null,
      "int_value" : null,
      "string_value" : "",
      "set_timestamp_micros" : 1667877566697000
    }
  } ],
  "user_ltv" : {
    "revenue" : 123.45,
    "currency" : "USD"
  },
  "_first_visit_date" : "2022-11-08",
  "_first_referer" : "_first_referer 001",
  "_first_traffic_source_type" : "_first_traffic_source_type 001",
  "_first_traffic_medium" : "_first_traffic_medium 001",
  "_first_traffic_source" : "_first_traffic_source 001",
  "device_id_list" : [ "id1", "id2", "id3" ],
  "_channel" : "C001"
}