{
  "_track_id" : null,
  "time" : 1689731540000,
  "type" : "track",
  "crc" : null,
  "distinct_id" : "x1234567",
  "original_id" : null,
  "anonymous_id" : null,
  "identities" : {
    "identity_android_id" : null,
    "identity_login_id" : null,
    "$identity_android_id" : "0f485d4daaadedae5f",
    "$identity_login_id" : "130xxxx1234"
  },
  "event" : "ViewProduct",
  "project" : "ebiz_test",
  "time_free" : true,
  "lib" : null,
  "properties" : {
    "is_login_id" : false,
    "ip" : null,
    "province" : null,
    "city" : null,
    "user_agent" : null,
    "url" : null,
    "screen_name" : null,
    "title" : null,
    "lib_method" : null,
    "is_first_day" : false,
    "os" : null,
    "os_version" : null,
    "lib" : null,
    "manufacturer" : null,
    "model" : null,
    "brand" : null,
    "app_version" : null,
    "screen_width" : 0,
    "screen_height" : 0,
    "carrier" : null,
    "timezone_offset" : 0,
    "app_id" : null,
    "app_name" : null,
    "wifi" : false,
    "network_type" : null,
    "lib_plugin_version" : null,
    "device_id" : null,
    "x_test_user" : null,
    "product_id" : 12345,
    "product_name" : "Apple",
    "product_classify" : "Iphone",
    "product_price" : 14.0,
    "item_price" : 1123.8,
    "event_duration" : 0,
    "referrer" : null,
    "referrer_title" : null,
    "resume_from_background" : false,
    "is_first_time" : false,
    "age" : 0,
    "name" : null,
    "user_id" : null,
    "user_name" : null,
    "browser" : null,
    "browser_language" : null,
    "browser_version" : null,
    "$app_name" : "testApp",
    "$city" : "Xi'an",
    "$province" : "Shanxi",
    "$app_id" : "testAppId",
    "$screen_width" : 320,
    "$wifi" : true,
    "$ip" : "180.79.35.65",
    "$screen_height" : 568,
    "$user_agent" : "Mozilla/5.0 (iPhone; CPU iPhone OS 10_3_2 like Mac OS X) AppleWebKit/602.1.50 (KHTML, like Gecko) CriOS/58.0.3029.113 Mobile/14F89 Safari/602.1",
    "$is_login_id" : true,
    "$app_version" : "1.3"
  },
  "_flush_time" : 0,
  "items" : null
}