{
  "event_timestamp" : 1684962462712,
  "event_id" : "1917e95b-6d75-4609-a2a0-18b45fb183c2",
  "event_time_msec" : 1684962462712,
  "event_name" : "_app_start",
  "event_value" : null,
  "event_value_currency" : null,
  "event_bundle_sequence_id" : 657998,
  "ingest_time_msec" : 1704326584236,
  "device_mobile_brand_name" : "Realme",
  "device_mobile_model_name" : "Realme 10T 5G",
  "device_manufacturer" : "Realme",
  "device_carrier" : "China Mobile",
  "device_network_type" : "WIFI",
  "device_operating_system" : "Android",
  "device_operating_system_version" : "12",
  "device_vendor_id" : "e4ffd32989074992",
  "device_advertising_id" : null,
  "device_system_language" : "pt",
  "device_time_zone_offset_seconds" : 7200,
  "device_ua_browser" : "Python Requests",
  "device_ua_browser_version" : "2.25",
  "device_ua_os" : "Other",
  "device_ua_os_version" : null,
  "device_ua_device" : "Other",
  "device_ua_device_category" : "Other",
  "device_ua" : {
    "userAgent" : {
      "family" : "Python Requests",
      "major" : "2",
      "minor" : "25",
      "patch" : null
    },
    "os" : {
      "family" : "Other",
      "major" : null,
      "minor" : null,
      "patch" : null,
      "patchMinor" : null
    },
    "device" : {
      "family" : "Other"
    },
    "string" : "python-requests/2.25.1"
  },
  "device_screen_width" : 1080,
  "device_screen_height" : 2316,
  "device_viewport_width" : null,
  "device_viewport_height" : null,
  "geo_continent" : "North America",
  "geo_sub_continent" : null,
  "geo_country" : "United States",
  "geo_region" : null,
  "geo_metro" : null,
  "geo_city" : "Columbus",
  "geo_locale" : "pt_BR",
  "traffic_source_source" : "bytedance",
  "traffic_source_medium" : "Search",
  "traffic_source_campaign" : null,
  "traffic_source_content" : null,
  "traffic_source_term" : null,
  "traffic_source_campaign_id" : null,
  "traffic_source_clid_platform" : null,
  "traffic_source_clid" : null,
  "traffic_source_channel_group" : "Unassigned",
  "traffic_source_category" : "Unassigned",
  "user_first_touch_time_msec" : 1681218459820,
  "app_package_id" : "com.example.notepad",
  "app_version" : "2.9.0",
  "app_title" : "Notepad",
  "app_install_source" : null,
  "platform" : "Android",
  "project_id" : "project1",
  "app_id" : "app1",
  "screen_view_screen_name" : "",
  "screen_view_screen_id" : "",
  "screen_view_screen_unique_id" : null,
  "screen_view_previous_screen_name" : null,
  "screen_view_previous_screen_id" : null,
  "screen_view_previous_screen_unique_id" : null,
  "screen_view_previous_time_msec" : null,
  "screen_view_engagement_time_msec" : null,
  "screen_view_entrances" : null,
  "page_view_page_referrer" : null,
  "page_view_page_referrer_title" : null,
  "page_view_previous_time_msec" : null,
  "page_view_engagement_time_msec" : null,
  "page_view_page_title" : null,
  "page_view_page_url" : null,
  "page_view_page_url_path" : null,
  "page_view_page_url_query_parameters" : null,
  "page_view_hostname" : null,
  "page_view_latest_referrer" : null,
  "page_view_latest_referrer_host" : null,
  "page_view_entrances" : null,
  "app_start_is_first_time" : null,
  "upgrade_previous_app_version" : null,
  "upgrade_previous_os_version" : null,
  "search_key" : null,
  "search_term" : null,
  "outbound_link_classes" : null,
  "outbound_link_domain" : null,
  "outbound_link_id" : null,
  "outbound_link_url" : null,
  "outbound_link" : null,
  "user_engagement_time_msec" : null,
  "user_id" : "81c94dc5-01d7-48d7-a351-4ac730e3deec",
  "user_pseudo_id" : "636aa295-c083-4bf0-bc16-4c5e9c0e2ac6",
  "session_id" : "9c0e2ac6-20230524-210742709",
  "session_start_time_msec" : 1684962462709,
  "session_duration" : 3,
  "session_number" : 9,
  "scroll_engagement_time_msec" : null,
  "sdk_error_code" : null,
  "sdk_error_message" : null,
  "sdk_version" : "0.7.1",
  "sdk_name" : "aws-solution-clickstream-sdk",
  "app_exception_message" : null,
  "app_exception_stack" : null,
  "custom_parameters" : {
    "country_code" : "BR",
    "_channel" : "QQ Store"
  },
  "process_info" : {
    "input_file_name" : "file://app1/2021-01-01T00:00:00.001Z",
    "ingest_time" : "2024-01-04T00:03:04.236Z",
    "rid" : "bde86c46b0594297d753f3d42cff1834",
    "process_time" : "2021-01-01T00:00:00.000Z",
    "source_ip" : "3.141.3.4"
  }
}