{
  "event_timestamp" : 1705563189478,
  "event_id" : "event_id-e1705563189478-8969",
  "event_time_msec" : 1705563189478,
  "event_name" : "PageView3",
  "event_value" : null,
  "event_value_currency" : null,
  "event_bundle_sequence_id" : 470690,
  "ingest_time_msec" : 1705563189000,
  "device_mobile_brand_name" : "Brand HUAWEI",
  "device_mobile_model_name" : "HUAWEI-P10",
  "device_manufacturer" : "Make HUAWEI",
  "device_carrier" : "CDMA",
  "device_network_type" : "Mobile",
  "device_operating_system" : "ANDROID",
  "device_operating_system_version" : "v1.0.1-v1.0.x-202308230820-95b4cde",
  "device_vendor_id" : "device_id5",
  "device_advertising_id" : "uf24bec657ea8eff7",
  "device_system_language" : "zh",
  "device_time_zone_offset_seconds" : 28800,
  "device_ua_browser" : "Other",
  "device_ua_browser_version" : null,
  "device_ua_os" : "Other",
  "device_ua_os_version" : null,
  "device_ua_device" : "Other",
  "device_ua_device_category" : "Other",
  "device_ua" : {
    "userAgent" : {
      "family" : "Other",
      "major" : null,
      "minor" : null,
      "patch" : null
    },
    "os" : {
      "family" : "Other",
      "major" : null,
      "minor" : null,
      "patch" : null,
      "patchMinor" : null
    },
    "device" : {
      "family" : "Other"
    },
    "string" : "node-fetch/1.0 (+https://github.com/bitinn/node-fetch)"
  },
  "device_screen_width" : 1080,
  "device_screen_height" : 2259,
  "device_viewport_width" : 456,
  "device_viewport_height" : 123,
  "geo_continent" : "North America",
  "geo_sub_continent" : null,
  "geo_country" : "United States",
  "geo_region" : null,
  "geo_metro" : null,
  "geo_city" : "Ashburn",
  "geo_locale" : "zh_CN_#Hans",
  "traffic_source_source" : "TSS-1-",
  "traffic_source_medium" : "TSM-1-1705542178771",
  "traffic_source_campaign" : null,
  "traffic_source_content" : null,
  "traffic_source_term" : null,
  "traffic_source_campaign_id" : null,
  "traffic_source_clid_platform" : null,
  "traffic_source_clid" : null,
  "traffic_source_channel_group" : "Referral",
  "traffic_source_category" : "Unassigned",
  "user_first_touch_time_msec" : 1705563189445,
  "app_package_id" : "com.example.demoapplication",
  "app_version" : "1.0",
  "app_title" : "test-title-e1705563189478-8969-6",
  "app_install_source" : null,
  "platform" : "ANDROID",
  "project_id" : "project1",
  "app_id" : "app2",
  "screen_view_screen_name" : null,
  "screen_view_screen_id" : null,
  "screen_view_screen_unique_id" : null,
  "screen_view_previous_screen_name" : null,
  "screen_view_previous_screen_id" : null,
  "screen_view_previous_screen_unique_id" : null,
  "screen_view_previous_time_msec" : null,
  "screen_view_engagement_time_msec" : null,
  "screen_view_entrances" : null,
  "page_view_page_referrer" : "http://test.com/test1-1705542178771",
  "page_view_page_referrer_title" : null,
  "page_view_previous_time_msec" : null,
  "page_view_engagement_time_msec" : null,
  "page_view_page_title" : null,
  "page_view_page_url" : null,
  "page_view_page_url_path" : null,
  "page_view_page_url_query_parameters" : null,
  "page_view_hostname" : "http://my-test-host-name.com",
  "page_view_latest_referrer" : null,
  "page_view_latest_referrer_host" : null,
  "page_view_entrances" : null,
  "app_start_is_first_time" : null,
  "upgrade_previous_app_version" : null,
  "upgrade_previous_os_version" : null,
  "search_key" : null,
  "search_term" : null,
  "outbound_link_classes" : null,
  "outbound_link_domain" : null,
  "outbound_link_id" : null,
  "outbound_link_url" : null,
  "outbound_link" : null,
  "user_engagement_time_msec" : null,
  "user_id" : "U1660134",
  "user_pseudo_id" : "USER-U1660168",
  "session_id" : "see000201912dk-23u92-1df0020",
  "session_start_time_msec" : 1667963966697,
  "session_duration" : 690000,
  "session_number" : null,
  "scroll_engagement_time_msec" : null,
  "sdk_error_code" : null,
  "sdk_error_message" : null,
  "sdk_version" : "0.2.0",
  "sdk_name" : "aws-solution-clickstream-sdk",
  "app_exception_message" : null,
  "app_exception_stack" : null,
  "custom_parameters" : {
    "_device_advertising_id" : "DAID0011705542178771",
    "_error_name_length_exceed" : "",
    "_device_vendor_id" : "V0011705542178771",
    "_traffic_source_name" : "TSN-1-1705542178771",
    "_error_value_length_exceed" : "",
    "_error_name_invalid" : "",
    "country_code" : "CN",
    "_privacy_info_analytics_storage" : "PIAAS1705542178771",
    "hashCode" : "80452b0000",
    "_privacy_info_uses_transient_token" : "PIUTT1705542178771",
    "_privacy_info_ads_storage" : "PIAS1705542178771",
    "_is_first_day" : true,
    "event_sequence_id" : 2,
    "_channel" : "C0011705542178771"
  },
  "process_info" : {
    "input_file_name" : "file://app2/2021-01-01T00:00:00.001Z",
    "ingest_time" : "2024-01-18T07:33:09Z",
    "rid" : "3516b363c97fad46902c293783d209ed",
    "process_time" : "2021-01-01T00:00:00.000Z",
    "source_ip" : "18.233.165.3"
  }
}